Archive member included to satisfy reference by file (symbol)

/opt/st/stm32cubeide_1.7.0/plugins/com.st.stm32cube.ide.mcu.externaltools.gnu-tools-for-stm32.9-2020-q2-update.linux64_2.0.0.202105311346/tools/bin/../lib/gcc/arm-none-eabi/9.3.1/../../../../arm-none-eabi/lib/thumb/v7e-m+fp/hard/libc_nano.a(lib_a-errno.o)
                              ./Core/Src/syscalls.o (__errno)
/opt/st/stm32cubeide_1.7.0/plugins/com.st.stm32cube.ide.mcu.externaltools.gnu-tools-for-stm32.9-2020-q2-update.linux64_2.0.0.202105311346/tools/bin/../lib/gcc/arm-none-eabi/9.3.1/../../../../arm-none-eabi/lib/thumb/v7e-m+fp/hard/libc_nano.a(lib_a-exit.o)
                              /opt/st/stm32cubeide_1.7.0/plugins/com.st.stm32cube.ide.mcu.externaltools.gnu-tools-for-stm32.9-2020-q2-update.linux64_2.0.0.202105311346/tools/bin/../lib/gcc/arm-none-eabi/9.3.1/../../../../arm-none-eabi/lib/thumb/v7e-m+fp/hard/crt0.o (exit)
/opt/st/stm32cubeide_1.7.0/plugins/com.st.stm32cube.ide.mcu.externaltools.gnu-tools-for-stm32.9-2020-q2-update.linux64_2.0.0.202105311346/tools/bin/../lib/gcc/arm-none-eabi/9.3.1/../../../../arm-none-eabi/lib/thumb/v7e-m+fp/hard/libc_nano.a(lib_a-impure.o)
                              /opt/st/stm32cubeide_1.7.0/plugins/com.st.stm32cube.ide.mcu.externaltools.gnu-tools-for-stm32.9-2020-q2-update.linux64_2.0.0.202105311346/tools/bin/../lib/gcc/arm-none-eabi/9.3.1/../../../../arm-none-eabi/lib/thumb/v7e-m+fp/hard/libc_nano.a(lib_a-exit.o) (_global_impure_ptr)
/opt/st/stm32cubeide_1.7.0/plugins/com.st.stm32cube.ide.mcu.externaltools.gnu-tools-for-stm32.9-2020-q2-update.linux64_2.0.0.202105311346/tools/bin/../lib/gcc/arm-none-eabi/9.3.1/../../../../arm-none-eabi/lib/thumb/v7e-m+fp/hard/libc_nano.a(lib_a-init.o)
                              /opt/st/stm32cubeide_1.7.0/plugins/com.st.stm32cube.ide.mcu.externaltools.gnu-tools-for-stm32.9-2020-q2-update.linux64_2.0.0.202105311346/tools/bin/../lib/gcc/arm-none-eabi/9.3.1/../../../../arm-none-eabi/lib/thumb/v7e-m+fp/hard/crt0.o (__libc_init_array)
/opt/st/stm32cubeide_1.7.0/plugins/com.st.stm32cube.ide.mcu.externaltools.gnu-tools-for-stm32.9-2020-q2-update.linux64_2.0.0.202105311346/tools/bin/../lib/gcc/arm-none-eabi/9.3.1/../../../../arm-none-eabi/lib/thumb/v7e-m+fp/hard/libc_nano.a(lib_a-memcpy-stub.o)
                              ./Core/Src/MY_LIS3DSH.o (memcpy)
/opt/st/stm32cubeide_1.7.0/plugins/com.st.stm32cube.ide.mcu.externaltools.gnu-tools-for-stm32.9-2020-q2-update.linux64_2.0.0.202105311346/tools/bin/../lib/gcc/arm-none-eabi/9.3.1/../../../../arm-none-eabi/lib/thumb/v7e-m+fp/hard/libc_nano.a(lib_a-memset.o)
                              /opt/st/stm32cubeide_1.7.0/plugins/com.st.stm32cube.ide.mcu.externaltools.gnu-tools-for-stm32.9-2020-q2-update.linux64_2.0.0.202105311346/tools/bin/../lib/gcc/arm-none-eabi/9.3.1/../../../../arm-none-eabi/lib/thumb/v7e-m+fp/hard/crt0.o (memset)
/opt/st/stm32cubeide_1.7.0/plugins/com.st.stm32cube.ide.mcu.externaltools.gnu-tools-for-stm32.9-2020-q2-update.linux64_2.0.0.202105311346/tools/bin/../lib/gcc/arm-none-eabi/9.3.1/thumb/v7e-m+fp/hard/libgcc.a(_aeabi_uldivmod.o)
                              ./Drivers/STM32F4xx_HAL_Driver/Src/stm32f4xx_hal_rcc.o (__aeabi_uldivmod)
/opt/st/stm32cubeide_1.7.0/plugins/com.st.stm32cube.ide.mcu.externaltools.gnu-tools-for-stm32.9-2020-q2-update.linux64_2.0.0.202105311346/tools/bin/../lib/gcc/arm-none-eabi/9.3.1/thumb/v7e-m+fp/hard/libgcc.a(_udivmoddi4.o)
                              /opt/st/stm32cubeide_1.7.0/plugins/com.st.stm32cube.ide.mcu.externaltools.gnu-tools-for-stm32.9-2020-q2-update.linux64_2.0.0.202105311346/tools/bin/../lib/gcc/arm-none-eabi/9.3.1/thumb/v7e-m+fp/hard/libgcc.a(_aeabi_uldivmod.o) (__udivmoddi4)
/opt/st/stm32cubeide_1.7.0/plugins/com.st.stm32cube.ide.mcu.externaltools.gnu-tools-for-stm32.9-2020-q2-update.linux64_2.0.0.202105311346/tools/bin/../lib/gcc/arm-none-eabi/9.3.1/thumb/v7e-m+fp/hard/libgcc.a(_dvmd_tls.o)
                              /opt/st/stm32cubeide_1.7.0/plugins/com.st.stm32cube.ide.mcu.externaltools.gnu-tools-for-stm32.9-2020-q2-update.linux64_2.0.0.202105311346/tools/bin/../lib/gcc/arm-none-eabi/9.3.1/thumb/v7e-m+fp/hard/libgcc.a(_aeabi_uldivmod.o) (__aeabi_ldiv0)

Allocating common symbols
Common symbol       size              file

uwTick              0x4               ./Drivers/STM32F4xx_HAL_Driver/Src/stm32f4xx_hal.o
pFlash              0x20              ./Drivers/STM32F4xx_HAL_Driver/Src/stm32f4xx_hal_flash.o
myData              0xc               ./Core/Src/main.o
htim1               0x48              ./Core/Src/stm32f4xx_hal_timebase_tim.o
hspi1               0x58              ./Core/Src/main.o

Discarded input sections

 .text          0x0000000000000000        0x0 /opt/st/stm32cubeide_1.7.0/plugins/com.st.stm32cube.ide.mcu.externaltools.gnu-tools-for-stm32.9-2020-q2-update.linux64_2.0.0.202105311346/tools/bin/../lib/gcc/arm-none-eabi/9.3.1/thumb/v7e-m+fp/hard/crti.o
[...]
Memory Configuration

Name             Origin             Length             Attributes
CCMRAM           0x0000000010000000 0x0000000000010000 xrw
RAM              0x0000000020000000 0x0000000000020000 xrw
FLASH            0x0000000008000000 0x0000000000100000 xr
*default*        0x0000000000000000 0xffffffffffffffff

Linker script and memory map

LOAD /opt/st/stm32cubeide_1.7.0/plugins/com.st.stm32cube.ide.mcu.externaltools.gnu-tools-for-stm32.9-2020-q2-update.linux64_2.0.0.202105311346/tools/bin/../lib/gcc/arm-none-eabi/9.3.1/thumb/v7e-m+fp/hard/crti.o
LOAD /opt/st/stm32cubeide_1.7.0/plugins/com.st.stm32cube.ide.mcu.externaltools.gnu-tools-for-stm32.9-2020-q2-update.linux64_2.0.0.202105311346/tools/bin/../lib/gcc/arm-none-eabi/9.3.1/thumb/v7e-m+fp/hard/crtbegin.o
LOAD /opt/st/stm32cubeide_1.7.0/plugins/com.st.stm32cube.ide.mcu.externaltools.gnu-tools-for-stm32.9-2020-q2-update.linux64_2.0.0.202105311346/tools/bin/../lib/gcc/arm-none-eabi/9.3.1/../../../../arm-none-eabi/lib/thumb/v7e-m+fp/hard/crt0.o
LOAD ./Core/Src/MY_LIS3DSH.o
LOAD ./Core/Src/main.o
LOAD ./Core/Src/stm32f4xx_hal_msp.o
LOAD ./Core/Src/stm32f4xx_hal_timebase_tim.o
LOAD ./Core/Src/stm32f4xx_it.o
LOAD ./Core/Src/syscalls.o
LOAD ./Core/Src/sysmem.o
LOAD ./Core/Src/system_stm32f4xx.o
LOAD ./Core/Startup/startup_stm32f407vgtx.o
LOAD ./Drivers/STM32F4xx_HAL_Driver/Src/stm32f4xx_hal.o
LOAD ./Drivers/STM32F4xx_HAL_Driver/Src/stm32f4xx_hal_cortex.o
LOAD ./Drivers/STM32F4xx_HAL_Driver/Src/stm32f4xx_hal_dma.o
LOAD ./Drivers/STM32F4xx_HAL_Driver/Src/stm32f4xx_hal_dma_ex.o
LOAD ./Drivers/STM32F4xx_HAL_Driver/Src/stm32f4xx_hal_exti.o
LOAD ./Drivers/STM32F4xx_HAL_Driver/Src/stm32f4xx_hal_flash.o
LOAD ./Drivers/STM32F4xx_HAL_Driver/Src/stm32f4xx_hal_flash_ex.o
LOAD ./Drivers/STM32F4xx_HAL_Driver/Src/stm32f4xx_hal_flash_ramfunc.o
LOAD ./Drivers/STM32F4xx_HAL_Driver/Src/stm32f4xx_hal_gpio.o
LOAD ./Drivers/STM32F4xx_HAL_Driver/Src/stm32f4xx_hal_pwr.o
LOAD ./Drivers/STM32F4xx_HAL_Driver/Src/stm32f4xx_hal_pwr_ex.o
LOAD ./Drivers/STM32F4xx_HAL_Driver/Src/stm32f4xx_hal_rcc.o
LOAD ./Drivers/STM32F4xx_HAL_Driver/Src/stm32f4xx_hal_rcc_ex.o
LOAD ./Drivers/STM32F4xx_HAL_Driver/Src/stm32f4xx_hal_spi.o
LOAD ./Drivers/STM32F4xx_HAL_Driver/Src/stm32f4xx_hal_tim.o
LOAD ./Drivers/STM32F4xx_HAL_Driver/Src/stm32f4xx_hal_tim_ex.o
START GROUP
LOAD /opt/st/stm32cubeide_1.7.0/plugins/com.st.stm32cube.ide.mcu.externaltools.gnu-tools-for-stm32.9-2020-q2-update.linux64_2.0.0.202105311346/tools/bin/../lib/gcc/arm-none-eabi/9.3.1/../../../../arm-none-eabi/lib/thumb/v7e-m+fp/hard/libstdc++_nano.a
LOAD /opt/st/stm32cubeide_1.7.0/plugins/com.st.stm32cube.ide.mcu.externaltools.gnu-tools-for-stm32.9-2020-q2-update.linux64_2.0.0.202105311346/tools/bin/../lib/gcc/arm-none-eabi/9.3.1/../../../../arm-none-eabi/lib/thumb/v7e-m+fp/hard/libsupc++_nano.a
END GROUP
LOAD /opt/st/stm32cubeide_1.7.0/plugins/com.st.stm32cube.ide.mcu.externaltools.gnu-tools-for-stm32.9-2020-q2-update.linux64_2.0.0.202105311346/tools/bin/../lib/gcc/arm-none-eabi/9.3.1/../../../../arm-none-eabi/lib/thumb/v7e-m+fp/hard/libstdc++_nano.a
LOAD /opt/st/stm32cubeide_1.7.0/plugins/com.st.stm32cube.ide.mcu.externaltools.gnu-tools-for-stm32.9-2020-q2-update.linux64_2.0.0.202105311346/tools/bin/../lib/gcc/arm-none-eabi/9.3.1/../../../../arm-none-eabi/lib/thumb/v7e-m+fp/hard/libm.a
LOAD /opt/st/stm32cubeide_1.7.0/plugins/com.st.stm32cube.ide.mcu.externaltools.gnu-tools-for-stm32.9-2020-q2-update.linux64_2.0.0.202105311346/tools/bin/../lib/gcc/arm-none-eabi/9.3.1/../../../../arm-none-eabi/lib/thumb/v7e-m+fp/hard/libc_nano.a
START GROUP
LOAD /opt/st/stm32cubeide_1.7.0/plugins/com.st.stm32cube.ide.mcu.externaltools.gnu-tools-for-stm32.9-2020-q2-update.linux64_2.0.0.202105311346/tools/bin/../lib/gcc/arm-none-eabi/9.3.1/thumb/v7e-m+fp/hard/libgcc.a
LOAD /opt/st/stm32cubeide_1.7.0/plugins/com.st.stm32cube.ide.mcu.externaltools.gnu-tools-for-stm32.9-2020-q2-update.linux64_2.0.0.202105311346/tools/bin/../lib/gcc/arm-none-eabi/9.3.1/../../../../arm-none-eabi/lib/thumb/v7e-m+fp/hard/libc_nano.a
END GROUP
START GROUP
LOAD /opt/st/stm32cubeide_1.7.0/plugins/com.st.stm32cube.ide.mcu.externaltools.gnu-tools-for-stm32.9-2020-q2-update.linux64_2.0.0.202105311346/tools/bin/../lib/gcc/arm-none-eabi/9.3.1/thumb/v7e-m+fp/hard/libgcc.a
LOAD /opt/st/stm32cubeide_1.7.0/plugins/com.st.stm32cube.ide.mcu.externaltools.gnu-tools-for-stm32.9-2020-q2-update.linux64_2.0.0.202105311346/tools/bin/../lib/gcc/arm-none-eabi/9.3.1/../../../../arm-none-eabi/lib/thumb/v7e-m+fp/hard/libc_nano.a
LOAD /opt/st/stm32cubeide_1.7.0/plugins/com.st.stm32cube.ide.mcu.externaltools.gnu-tools-for-stm32.9-2020-q2-update.linux64_2.0.0.202105311346/tools/bin/../lib/gcc/arm-none-eabi/9.3.1/../../../../arm-none-eabi/lib/thumb/v7e-m+fp/hard/libnosys.a
END GROUP
START GROUP
LOAD /opt/st/stm32cubeide_1.7.0/plugins/com.st.stm32cube.ide.mcu.externaltools.gnu-tools-for-stm32.9-2020-q2-update.linux64_2.0.0.202105311346/tools/bin/../lib/gcc/arm-none-eabi/9.3.1/thumb/v7e-m+fp/hard/libgcc.a
LOAD /opt/st/stm32cubeide_1.7.0/plugins/com.st.stm32cube.ide.mcu.externaltools.gnu-tools-for-stm32.9-2020-q2-update.linux64_2.0.0.202105311346/tools/bin/../lib/gcc/arm-none-eabi/9.3.1/../../../../arm-none-eabi/lib/thumb/v7e-m+fp/hard/libc_nano.a
LOAD /opt/st/stm32cubeide_1.7.0/plugins/com.st.stm32cube.ide.mcu.externaltools.gnu-tools-for-stm32.9-2020-q2-update.linux64_2.0.0.202105311346/tools/bin/../lib/gcc/arm-none-eabi/9.3.1/../../../../arm-none-eabi/lib/thumb/v7e-m+fp/hard/libnosys.a
END GROUP
LOAD /opt/st/stm32cubeide_1.7.0/plugins/com.st.stm32cube.ide.mcu.externaltools.gnu-tools-for-stm32.9-2020-q2-update.linux64_2.0.0.202105311346/tools/bin/../lib/gcc/arm-none-eabi/9.3.1/thumb/v7e-m+fp/hard/crtend.o
LOAD /opt/st/stm32cubeide_1.7.0/plugins/com.st.stm32cube.ide.mcu.externaltools.gnu-tools-for-stm32.9-2020-q2-update.linux64_2.0.0.202105311346/tools/bin/../lib/gcc/arm-none-eabi/9.3.1/thumb/v7e-m+fp/hard/crtn.o
                0x0000000020020000                _estack = (ORIGIN (RAM) + LENGTH (RAM))
                0x0000000000000200                _Min_Heap_Size = 0x200
                0x0000000000000400                _Min_Stack_Size = 0x400

.isr_vector     0x0000000008000000      0x188
                0x0000000008000000                . = ALIGN (0x4)
 *(.isr_vector)
 .isr_vector    0x0000000008000000      0x188 ./Core/Startup/startup_stm32f407vgtx.o
                0x0000000008000000                g_pfnVectors
                0x0000000008000188                . = ALIGN (0x4)

.text           0x0000000008000188     0x2e30
                0x0000000008000188                . = ALIGN (0x4)
 *(.text)
 .text          0x0000000008000188       0x40 /opt/st/stm32cubeide_1.7.0/plugins/com.st.stm32cube.ide.mcu.externaltools.gnu-tools-for-stm32.9-2020-q2-update.linux64_2.0.0.202105311346/tools/bin/../lib/gcc/arm-none-eabi/9.3.1/thumb/v7e-m+fp/hard/crtbegin.o
 .text          0x00000000080001c8       0x30 /opt/st/stm32cubeide_1.7.0/plugins/com.st.stm32cube.ide.mcu.externaltools.gnu-tools-for-stm32.9-2020-q2-update.linux64_2.0.0.202105311346/tools/bin/../lib/gcc/arm-none-eabi/9.3.1/thumb/v7e-m+fp/hard/libgcc.a(_aeabi_uldivmod.o)
                0x00000000080001c8                __aeabi_uldivmod
 .text          0x00000000080001f8      0x2c4 /opt/st/stm32cubeide_1.7.0/plugins/com.st.stm32cube.ide.mcu.externaltools.gnu-tools-for-stm32.9-2020-q2-update.linux64_2.0.0.202105311346/tools/bin/../lib/gcc/arm-none-eabi/9.3.1/thumb/v7e-m+fp/hard/libgcc.a(_udivmoddi4.o)
                0x00000000080001f8                __udivmoddi4
 .text          0x00000000080004bc        0x4 /opt/st/stm32cubeide_1.7.0/plugins/com.st.stm32cube.ide.mcu.externaltools.gnu-tools-for-stm32.9-2020-q2-update.linux64_2.0.0.202105311346/tools/bin/../lib/gcc/arm-none-eabi/9.3.1/thumb/v7e-m+fp/hard/libgcc.a(_dvmd_tls.o)
                0x00000000080004bc                __aeabi_ldiv0
                0x00000000080004bc                __aeabi_idiv0
 *(.text*)
 .text.LIS3DSH_WriteIO
                0x00000000080004c0       0x54 ./Core/Src/MY_LIS3DSH.o
                0x00000000080004c0                LIS3DSH_WriteIO
 .text.LIS3DSH_ReadIO
                0x0000000008000514       0x8c ./Core/Src/MY_LIS3DSH.o
                0x0000000008000514                LIS3DSH_ReadIO
 .text.LIS3DSH_Init
                0x00000000080005a0      0x1a0 ./Core/Src/MY_LIS3DSH.o
                0x00000000080005a0                LIS3DSH_Init
 .text.LIS3DSH_GetDataRaw
                0x0000000008000740       0x86 ./Core/Src/MY_LIS3DSH.o
                0x0000000008000740                LIS3DSH_GetDataRaw
 *fill*         0x00000000080007c6        0x2 
 .text.LIS3DSH_GetDataScaled
                0x00000000080007c8      0x104 ./Core/Src/MY_LIS3DSH.o
                0x00000000080007c8                LIS3DSH_GetDataScaled
 .text.LIS3DSH_PollDRDY
                0x00000000080008cc       0x5c ./Core/Src/MY_LIS3DSH.o
                0x00000000080008cc                LIS3DSH_PollDRDY
 .text.main     0x0000000008000928      0x130 ./Core/Src/main.o
                0x0000000008000928                main
 .text.SystemClock_Config
                0x0000000008000a58       0xd4 ./Core/Src/main.o
                0x0000000008000a58                SystemClock_Config
 .text.MX_SPI1_Init
                0x0000000008000b2c       0x6c ./Core/Src/main.o
 .text.MX_GPIO_Init
                0x0000000008000b98      0x114 ./Core/Src/main.o
 .text.HAL_TIM_PeriodElapsedCallback
                0x0000000008000cac       0x24 ./Core/Src/main.o
                0x0000000008000cac                HAL_TIM_PeriodElapsedCallback
 .text.Error_Handler
                0x0000000008000cd0        0xa ./Core/Src/main.o
                0x0000000008000cd0                Error_Handler
 *fill*         0x0000000008000cda        0x2 
 .text.HAL_MspInit
                0x0000000008000cdc       0x50 ./Core/Src/stm32f4xx_hal_msp.o
                0x0000000008000cdc                HAL_MspInit
 .text.HAL_SPI_MspInit
                0x0000000008000d2c       0x90 ./Core/Src/stm32f4xx_hal_msp.o
                0x0000000008000d2c                HAL_SPI_MspInit
 .text.HAL_InitTick
                0x0000000008000dbc       0xb4 ./Core/Src/stm32f4xx_hal_timebase_tim.o
                0x0000000008000dbc                HAL_InitTick
 .text.NMI_Handler
                0x0000000008000e70        0x6 ./Core/Src/stm32f4xx_it.o
                0x0000000008000e70                NMI_Handler
 .text.HardFault_Handler
                0x0000000008000e76        0x6 ./Core/Src/stm32f4xx_it.o
                0x0000000008000e76                HardFault_Handler
 .text.MemManage_Handler
                0x0000000008000e7c        0x6 ./Core/Src/stm32f4xx_it.o
                0x0000000008000e7c                MemManage_Handler
 .text.BusFault_Handler
                0x0000000008000e82        0x6 ./Core/Src/stm32f4xx_it.o
                0x0000000008000e82                BusFault_Handler
 .text.UsageFault_Handler
                0x0000000008000e88        0x6 ./Core/Src/stm32f4xx_it.o
                0x0000000008000e88                UsageFault_Handler
 .text.SVC_Handler
                0x0000000008000e8e        0xe ./Core/Src/stm32f4xx_it.o
                0x0000000008000e8e                SVC_Handler
 .text.DebugMon_Handler
                0x0000000008000e9c        0xe ./Core/Src/stm32f4xx_it.o
                0x0000000008000e9c                DebugMon_Handler
 .text.PendSV_Handler
                0x0000000008000eaa        0xe ./Core/Src/stm32f4xx_it.o
                0x0000000008000eaa                PendSV_Handler
 .text.SysTick_Handler
                0x0000000008000eb8        0xe ./Core/Src/stm32f4xx_it.o
                0x0000000008000eb8                SysTick_Handler
 .text.EXTI0_IRQHandler
                0x0000000008000ec6        0xe ./Core/Src/stm32f4xx_it.o
                0x0000000008000ec6                EXTI0_IRQHandler
 .text.TIM1_UP_TIM10_IRQHandler
                0x0000000008000ed4       0x14 ./Core/Src/stm32f4xx_it.o
                0x0000000008000ed4                TIM1_UP_TIM10_IRQHandler
 .text.SystemInit
                0x0000000008000ee8       0x24 ./Core/Src/system_stm32f4xx.o
                0x0000000008000ee8                SystemInit
 .text.Reset_Handler
                0x0000000008000f0c       0x50 ./Core/Startup/startup_stm32f407vgtx.o
                0x0000000008000f0c                Reset_Handler
 .text.Default_Handler
                0x0000000008000f5c        0x2 ./Core/Startup/startup_stm32f407vgtx.o
                0x0000000008000f5c                RTC_Alarm_IRQHandler
                0x0000000008000f5c                HASH_RNG_IRQHandler
                0x0000000008000f5c                EXTI2_IRQHandler
                0x0000000008000f5c                TIM8_CC_IRQHandler
                0x0000000008000f5c                TIM1_CC_IRQHandler
                0x0000000008000f5c                DMA2_Stream5_IRQHandler
                0x0000000008000f5c                DMA1_Stream5_IRQHandler
                0x0000000008000f5c                PVD_IRQHandler
                0x0000000008000f5c                SDIO_IRQHandler
                0x0000000008000f5c                TAMP_STAMP_IRQHandler
                0x0000000008000f5c                CAN2_RX1_IRQHandler
                0x0000000008000f5c                EXTI3_IRQHandler
                0x0000000008000f5c                TIM8_TRG_COM_TIM14_IRQHandler
                0x0000000008000f5c                TIM8_UP_TIM13_IRQHandler
                0x0000000008000f5c                I2C3_ER_IRQHandler
                0x0000000008000f5c                I2C2_EV_IRQHandler
                0x0000000008000f5c                DMA1_Stream2_IRQHandler
                0x0000000008000f5c                CAN1_RX0_IRQHandler
                0x0000000008000f5c                FPU_IRQHandler
                0x0000000008000f5c                OTG_HS_WKUP_IRQHandler
                0x0000000008000f5c                CAN2_SCE_IRQHandler
                0x0000000008000f5c                DMA2_Stream2_IRQHandler
                0x0000000008000f5c                SPI1_IRQHandler
                0x0000000008000f5c                TIM6_DAC_IRQHandler
                0x0000000008000f5c                TIM1_BRK_TIM9_IRQHandler
                0x0000000008000f5c                DCMI_IRQHandler
                0x0000000008000f5c                CAN2_RX0_IRQHandler
                0x0000000008000f5c                DMA2_Stream3_IRQHandler
                0x0000000008000f5c                USART6_IRQHandler
                0x0000000008000f5c                USART3_IRQHandler
                0x0000000008000f5c                CAN1_RX1_IRQHandler
                0x0000000008000f5c                UART5_IRQHandler
                0x0000000008000f5c                DMA2_Stream0_IRQHandler
                0x0000000008000f5c                TIM4_IRQHandler
                0x0000000008000f5c                I2C1_EV_IRQHandler
                0x0000000008000f5c                DMA1_Stream6_IRQHandler
                0x0000000008000f5c                DMA1_Stream1_IRQHandler
                0x0000000008000f5c                UART4_IRQHandler
                0x0000000008000f5c                TIM3_IRQHandler
                0x0000000008000f5c                RCC_IRQHandler
                0x0000000008000f5c                TIM8_BRK_TIM12_IRQHandler
                0x0000000008000f5c                Default_Handler
                0x0000000008000f5c                EXTI15_10_IRQHandler
                0x0000000008000f5c                ADC_IRQHandler
                0x0000000008000f5c                DMA1_Stream7_IRQHandler
                0x0000000008000f5c                TIM7_IRQHandler
                0x0000000008000f5c                CAN2_TX_IRQHandler
                0x0000000008000f5c                TIM5_IRQHandler
                0x0000000008000f5c                DMA2_Stream7_IRQHandler
                0x0000000008000f5c                I2C3_EV_IRQHandler
                0x0000000008000f5c                EXTI9_5_IRQHandler
                0x0000000008000f5c                RTC_WKUP_IRQHandler
                0x0000000008000f5c                ETH_WKUP_IRQHandler
                0x0000000008000f5c                SPI2_IRQHandler
                0x0000000008000f5c                OTG_HS_EP1_IN_IRQHandler
                0x0000000008000f5c                DMA1_Stream0_IRQHandler
                0x0000000008000f5c                CAN1_TX_IRQHandler
                0x0000000008000f5c                EXTI4_IRQHandler
                0x0000000008000f5c                FSMC_IRQHandler
                0x0000000008000f5c                ETH_IRQHandler
                0x0000000008000f5c                OTG_HS_EP1_OUT_IRQHandler
                0x0000000008000f5c                WWDG_IRQHandler
                0x0000000008000f5c                TIM2_IRQHandler
                0x0000000008000f5c                OTG_FS_WKUP_IRQHandler
                0x0000000008000f5c                TIM1_TRG_COM_TIM11_IRQHandler
                0x0000000008000f5c                OTG_HS_IRQHandler
                0x0000000008000f5c                EXTI1_IRQHandler
                0x0000000008000f5c                USART2_IRQHandler
                0x0000000008000f5c                I2C2_ER_IRQHandler
                0x0000000008000f5c                DMA2_Stream1_IRQHandler
                0x0000000008000f5c                CAN1_SCE_IRQHandler
                0x0000000008000f5c                FLASH_IRQHandler
                0x0000000008000f5c                DMA2_Stream4_IRQHandler
                0x0000000008000f5c                USART1_IRQHandler
                0x0000000008000f5c                OTG_FS_IRQHandler
                0x0000000008000f5c                SPI3_IRQHandler
                0x0000000008000f5c                DMA1_Stream4_IRQHandler
                0x0000000008000f5c                I2C1_ER_IRQHandler
                0x0000000008000f5c                DMA2_Stream6_IRQHandler
                0x0000000008000f5c                DMA1_Stream3_IRQHandler
 *fill*         0x0000000008000f5e        0x2 
 .text.HAL_Init
                0x0000000008000f60       0x44 ./Drivers/STM32F4xx_HAL_Driver/Src/stm32f4xx_hal.o
                0x0000000008000f60                HAL_Init
 .text.HAL_IncTick
                0x0000000008000fa4       0x28 ./Drivers/STM32F4xx_HAL_Driver/Src/stm32f4xx_hal.o
                0x0000000008000fa4                HAL_IncTick
 .text.HAL_GetTick
                0x0000000008000fcc       0x18 ./Drivers/STM32F4xx_HAL_Driver/Src/stm32f4xx_hal.o
                0x0000000008000fcc                HAL_GetTick
 .text.__NVIC_SetPriorityGrouping
                0x0000000008000fe4       0x48 ./Drivers/STM32F4xx_HAL_Driver/Src/stm32f4xx_hal_cortex.o
 .text.__NVIC_GetPriorityGrouping
                0x000000000800102c       0x1c ./Drivers/STM32F4xx_HAL_Driver/Src/stm32f4xx_hal_cortex.o
 .text.__NVIC_EnableIRQ
                0x0000000008001048       0x3c ./Drivers/STM32F4xx_HAL_Driver/Src/stm32f4xx_hal_cortex.o
 .text.__NVIC_SetPriority
                0x0000000008001084       0x54 ./Drivers/STM32F4xx_HAL_Driver/Src/stm32f4xx_hal_cortex.o
 .text.NVIC_EncodePriority
                0x00000000080010d8       0x66 ./Drivers/STM32F4xx_HAL_Driver/Src/stm32f4xx_hal_cortex.o
 .text.HAL_NVIC_SetPriorityGrouping
                0x000000000800113e       0x16 ./Drivers/STM32F4xx_HAL_Driver/Src/stm32f4xx_hal_cortex.o
                0x000000000800113e                HAL_NVIC_SetPriorityGrouping
 .text.HAL_NVIC_SetPriority
                0x0000000008001154       0x38 ./Drivers/STM32F4xx_HAL_Driver/Src/stm32f4xx_hal_cortex.o
                0x0000000008001154                HAL_NVIC_SetPriority
 .text.HAL_NVIC_EnableIRQ
                0x000000000800118c       0x1c ./Drivers/STM32F4xx_HAL_Driver/Src/stm32f4xx_hal_cortex.o
                0x000000000800118c                HAL_NVIC_EnableIRQ
 .text.HAL_GPIO_Init
                0x00000000080011a8      0x338 ./Drivers/STM32F4xx_HAL_Driver/Src/stm32f4xx_hal_gpio.o
                0x00000000080011a8                HAL_GPIO_Init
 .text.HAL_GPIO_WritePin
                0x00000000080014e0       0x32 ./Drivers/STM32F4xx_HAL_Driver/Src/stm32f4xx_hal_gpio.o
                0x00000000080014e0                HAL_GPIO_WritePin
 *fill*         0x0000000008001512        0x2 
 .text.HAL_GPIO_EXTI_IRQHandler
                0x0000000008001514       0x30 ./Drivers/STM32F4xx_HAL_Driver/Src/stm32f4xx_hal_gpio.o
                0x0000000008001514                HAL_GPIO_EXTI_IRQHandler
 .text.HAL_GPIO_EXTI_Callback
                0x0000000008001544       0x16 ./Drivers/STM32F4xx_HAL_Driver/Src/stm32f4xx_hal_gpio.o
                0x0000000008001544                HAL_GPIO_EXTI_Callback
 *fill*         0x000000000800155a        0x2 
 .text.HAL_RCC_OscConfig
                0x000000000800155c      0x4f0 ./Drivers/STM32F4xx_HAL_Driver/Src/stm32f4xx_hal_rcc.o
                0x000000000800155c                HAL_RCC_OscConfig
 .text.HAL_RCC_ClockConfig
                0x0000000008001a4c      0x1cc ./Drivers/STM32F4xx_HAL_Driver/Src/stm32f4xx_hal_rcc.o
                0x0000000008001a4c                HAL_RCC_ClockConfig
 .text.HAL_RCC_GetSysClockFreq
                0x0000000008001c18      0x1c4 ./Drivers/STM32F4xx_HAL_Driver/Src/stm32f4xx_hal_rcc.o
                0x0000000008001c18                HAL_RCC_GetSysClockFreq
 .text.HAL_RCC_GetHCLKFreq
                0x0000000008001ddc       0x18 ./Drivers/STM32F4xx_HAL_Driver/Src/stm32f4xx_hal_rcc.o
                0x0000000008001ddc                HAL_RCC_GetHCLKFreq
 .text.HAL_RCC_GetPCLK2Freq
                0x0000000008001df4       0x28 ./Drivers/STM32F4xx_HAL_Driver/Src/stm32f4xx_hal_rcc.o
                0x0000000008001df4                HAL_RCC_GetPCLK2Freq
 .text.HAL_RCC_GetClockConfig
                0x0000000008001e1c       0x64 ./Drivers/STM32F4xx_HAL_Driver/Src/stm32f4xx_hal_rcc.o
                0x0000000008001e1c                HAL_RCC_GetClockConfig
 .text.HAL_SPI_Init
                0x0000000008001e80      0x112 ./Drivers/STM32F4xx_HAL_Driver/Src/stm32f4xx_hal_spi.o
                0x0000000008001e80                HAL_SPI_Init
 .text.HAL_SPI_Transmit
                0x0000000008001f92      0x278 ./Drivers/STM32F4xx_HAL_Driver/Src/stm32f4xx_hal_spi.o
                0x0000000008001f92                HAL_SPI_Transmit
 .text.HAL_SPI_Receive
                0x000000000800220a      0x222 ./Drivers/STM32F4xx_HAL_Driver/Src/stm32f4xx_hal_spi.o
                0x000000000800220a                HAL_SPI_Receive
 .text.HAL_SPI_TransmitReceive
                0x000000000800242c      0x344 ./Drivers/STM32F4xx_HAL_Driver/Src/stm32f4xx_hal_spi.o
                0x000000000800242c                HAL_SPI_TransmitReceive
 .text.SPI_WaitFlagStateUntilTimeout
                0x0000000008002770      0x110 ./Drivers/STM32F4xx_HAL_Driver/Src/stm32f4xx_hal_spi.o
 .text.SPI_EndRxTransaction
                0x0000000008002880       0xca ./Drivers/STM32F4xx_HAL_Driver/Src/stm32f4xx_hal_spi.o
 *fill*         0x000000000800294a        0x2 
 .text.SPI_EndRxTxTransaction
                0x000000000800294c       0x84 ./Drivers/STM32F4xx_HAL_Driver/Src/stm32f4xx_hal_spi.o
 .text.HAL_TIM_Base_Init
                0x00000000080029d0       0x9e ./Drivers/STM32F4xx_HAL_Driver/Src/stm32f4xx_hal_tim.o
                0x00000000080029d0                HAL_TIM_Base_Init
 .text.HAL_TIM_Base_MspInit
                0x0000000008002a6e       0x14 ./Drivers/STM32F4xx_HAL_Driver/Src/stm32f4xx_hal_tim.o
                0x0000000008002a6e                HAL_TIM_Base_MspInit
 *fill*         0x0000000008002a82        0x2 
 .text.HAL_TIM_Base_Start_IT
                0x0000000008002a84       0xe0 ./Drivers/STM32F4xx_HAL_Driver/Src/stm32f4xx_hal_tim.o
                0x0000000008002a84                HAL_TIM_Base_Start_IT
 .text.HAL_TIM_IRQHandler
                0x0000000008002b64      0x210 ./Drivers/STM32F4xx_HAL_Driver/Src/stm32f4xx_hal_tim.o
                0x0000000008002b64                HAL_TIM_IRQHandler
 .text.HAL_TIM_OC_DelayElapsedCallback
                0x0000000008002d74       0x14 ./Drivers/STM32F4xx_HAL_Driver/Src/stm32f4xx_hal_tim.o
                0x0000000008002d74                HAL_TIM_OC_DelayElapsedCallback
 .text.HAL_TIM_IC_CaptureCallback
                0x0000000008002d88       0x14 ./Drivers/STM32F4xx_HAL_Driver/Src/stm32f4xx_hal_tim.o
                0x0000000008002d88                HAL_TIM_IC_CaptureCallback
 .text.HAL_TIM_PWM_PulseFinishedCallback
                0x0000000008002d9c       0x14 ./Drivers/STM32F4xx_HAL_Driver/Src/stm32f4xx_hal_tim.o
                0x0000000008002d9c                HAL_TIM_PWM_PulseFinishedCallback
 .text.HAL_TIM_TriggerCallback
                0x0000000008002db0       0x14 ./Drivers/STM32F4xx_HAL_Driver/Src/stm32f4xx_hal_tim.o
                0x0000000008002db0                HAL_TIM_TriggerCallback
 .text.TIM_Base_SetConfig
                0x0000000008002dc4      0x140 ./Drivers/STM32F4xx_HAL_Driver/Src/stm32f4xx_hal_tim.o
                0x0000000008002dc4                TIM_Base_SetConfig
 .text.HAL_TIMEx_CommutCallback
                0x0000000008002f04       0x14 ./Drivers/STM32F4xx_HAL_Driver/Src/stm32f4xx_hal_tim_ex.o
                0x0000000008002f04                HAL_TIMEx_CommutCallback
 .text.HAL_TIMEx_BreakCallback
                0x0000000008002f18       0x14 ./Drivers/STM32F4xx_HAL_Driver/Src/stm32f4xx_hal_tim_ex.o
                0x0000000008002f18                HAL_TIMEx_BreakCallback
 .text.__libc_init_array
                0x0000000008002f2c       0x48 /opt/st/stm32cubeide_1.7.0/plugins/com.st.stm32cube.ide.mcu.externaltools.gnu-tools-for-stm32.9-2020-q2-update.linux64_2.0.0.202105311346/tools/bin/../lib/gcc/arm-none-eabi/9.3.1/../../../../arm-none-eabi/lib/thumb/v7e-m+fp/hard/libc_nano.a(lib_a-init.o)
                0x0000000008002f2c                __libc_init_array
 .text.memcpy   0x0000000008002f74       0x1c /opt/st/stm32cubeide_1.7.0/plugins/com.st.stm32cube.ide.mcu.externaltools.gnu-tools-for-stm32.9-2020-q2-update.linux64_2.0.0.202105311346/tools/bin/../lib/gcc/arm-none-eabi/9.3.1/../../../../arm-none-eabi/lib/thumb/v7e-m+fp/hard/libc_nano.a(lib_a-memcpy-stub.o)
                0x0000000008002f74                memcpy
 .text.memset   0x0000000008002f90       0x10 /opt/st/stm32cubeide_1.7.0/plugins/com.st.stm32cube.ide.mcu.externaltools.gnu-tools-for-stm32.9-2020-q2-update.linux64_2.0.0.202105311346/tools/bin/../lib/gcc/arm-none-eabi/9.3.1/../../../../arm-none-eabi/lib/thumb/v7e-m+fp/hard/libc_nano.a(lib_a-memset.o)
                0x0000000008002f90                memset
 *(.glue_7)
 .glue_7        0x0000000008002fa0        0x0 linker stubs
 *(.glue_7t)
 .glue_7t       0x0000000008002fa0        0x0 linker stubs
 *(.eh_frame)
 .eh_frame      0x0000000008002fa0        0x0 /opt/st/stm32cubeide_1.7.0/plugins/com.st.stm32cube.ide.mcu.externaltools.gnu-tools-for-stm32.9-2020-q2-update.linux64_2.0.0.202105311346/tools/bin/../lib/gcc/arm-none-eabi/9.3.1/thumb/v7e-m+fp/hard/crtbegin.o
 *(.init)
 .init          0x0000000008002fa0        0x4 /opt/st/stm32cubeide_1.7.0/plugins/com.st.stm32cube.ide.mcu.externaltools.gnu-tools-for-stm32.9-2020-q2-update.linux64_2.0.0.202105311346/tools/bin/../lib/gcc/arm-none-eabi/9.3.1/thumb/v7e-m+fp/hard/crti.o
                0x0000000008002fa0                _init
 .init          0x0000000008002fa4        0x8 /opt/st/stm32cubeide_1.7.0/plugins/com.st.stm32cube.ide.mcu.externaltools.gnu-tools-for-stm32.9-2020-q2-update.linux64_2.0.0.202105311346/tools/bin/../lib/gcc/arm-none-eabi/9.3.1/thumb/v7e-m+fp/hard/crtn.o
 *(.fini)
 .fini          0x0000000008002fac        0x4 /opt/st/stm32cubeide_1.7.0/plugins/com.st.stm32cube.ide.mcu.externaltools.gnu-tools-for-stm32.9-2020-q2-update.linux64_2.0.0.202105311346/tools/bin/../lib/gcc/arm-none-eabi/9.3.1/thumb/v7e-m+fp/hard/crti.o
                0x0000000008002fac                _fini
 .fini          0x0000000008002fb0        0x8 /opt/st/stm32cubeide_1.7.0/plugins/com.st.stm32cube.ide.mcu.externaltools.gnu-tools-for-stm32.9-2020-q2-update.linux64_2.0.0.202105311346/tools/bin/../lib/gcc/arm-none-eabi/9.3.1/thumb/v7e-m+fp/hard/crtn.o
                0x0000000008002fb8                . = ALIGN (0x4)
                0x0000000008002fb8                _etext = .

.vfp11_veneer   0x0000000008002fb8        0x0
 .vfp11_veneer  0x0000000008002fb8        0x0 linker stubs

.v4_bx          0x0000000008002fb8        0x0
 .v4_bx         0x0000000008002fb8        0x0 linker stubs

.iplt           0x0000000008002fb8        0x0
 .iplt          0x0000000008002fb8        0x0 /opt/st/stm32cubeide_1.7.0/plugins/com.st.stm32cube.ide.mcu.externaltools.gnu-tools-for-stm32.9-2020-q2-update.linux64_2.0.0.202105311346/tools/bin/../lib/gcc/arm-none-eabi/9.3.1/thumb/v7e-m+fp/hard/crtbegin.o

.rodata         0x0000000008002fb8       0x18
                0x0000000008002fb8                . = ALIGN (0x4)
 *(.rodata)
 *(.rodata*)
 .rodata.AHBPrescTable
                0x0000000008002fb8       0x10 ./Core/Src/system_stm32f4xx.o
                0x0000000008002fb8                AHBPrescTable
 .rodata.APBPrescTable
                0x0000000008002fc8        0x8 ./Core/Src/system_stm32f4xx.o
                0x0000000008002fc8                APBPrescTable
                0x0000000008002fd0                . = ALIGN (0x4)

.ARM.extab      0x0000000008002fd0        0x0
                0x0000000008002fd0                . = ALIGN (0x4)
 *(.ARM.extab* .gnu.linkonce.armextab.*)
                0x0000000008002fd0                . = ALIGN (0x4)

.ARM            0x0000000008002fd0        0x8
                0x0000000008002fd0                . = ALIGN (0x4)
                0x0000000008002fd0                __exidx_start = .
 *(.ARM.exidx*)
 .ARM.exidx     0x0000000008002fd0        0x8 /opt/st/stm32cubeide_1.7.0/plugins/com.st.stm32cube.ide.mcu.externaltools.gnu-tools-for-stm32.9-2020-q2-update.linux64_2.0.0.202105311346/tools/bin/../lib/gcc/arm-none-eabi/9.3.1/thumb/v7e-m+fp/hard/libgcc.a(_udivmoddi4.o)
                0x0000000008002fd8                __exidx_end = .
                0x0000000008002fd8                . = ALIGN (0x4)

.rel.dyn        0x0000000008002fd8        0x0
 .rel.iplt      0x0000000008002fd8        0x0 /opt/st/stm32cubeide_1.7.0/plugins/com.st.stm32cube.ide.mcu.externaltools.gnu-tools-for-stm32.9-2020-q2-update.linux64_2.0.0.202105311346/tools/bin/../lib/gcc/arm-none-eabi/9.3.1/thumb/v7e-m+fp/hard/crtbegin.o

.preinit_array  0x0000000008002fd8        0x0
                0x0000000008002fd8                . = ALIGN (0x4)
                0x0000000008002fd8                PROVIDE (__preinit_array_start = .)
 *(.preinit_array*)
                0x0000000008002fd8                PROVIDE (__preinit_array_end = .)
                0x0000000008002fd8                . = ALIGN (0x4)

.init_array     0x0000000008002fd8        0x4
                0x0000000008002fd8                . = ALIGN (0x4)
                0x0000000008002fd8                PROVIDE (__init_array_start = .)
 *(SORT_BY_NAME(.init_array.*))
 *(.init_array*)
 .init_array    0x0000000008002fd8        0x4 /opt/st/stm32cubeide_1.7.0/plugins/com.st.stm32cube.ide.mcu.externaltools.gnu-tools-for-stm32.9-2020-q2-update.linux64_2.0.0.202105311346/tools/bin/../lib/gcc/arm-none-eabi/9.3.1/thumb/v7e-m+fp/hard/crtbegin.o
                0x0000000008002fdc                PROVIDE (__init_array_end = .)
                0x0000000008002fdc                . = ALIGN (0x4)

.fini_array     0x0000000008002fdc        0x4
                0x0000000008002fdc                . = ALIGN (0x4)
                [!provide]                        PROVIDE (__fini_array_start = .)
 *(SORT_BY_NAME(.fini_array.*))
 *(.fini_array*)
 .fini_array    0x0000000008002fdc        0x4 /opt/st/stm32cubeide_1.7.0/plugins/com.st.stm32cube.ide.mcu.externaltools.gnu-tools-for-stm32.9-2020-q2-update.linux64_2.0.0.202105311346/tools/bin/../lib/gcc/arm-none-eabi/9.3.1/thumb/v7e-m+fp/hard/crtbegin.o
                [!provide]                        PROVIDE (__fini_array_end = .)
                0x0000000008002fe0                . = ALIGN (0x4)
                0x0000000008002fe0                _sidata = LOADADDR (.data)

.data           0x0000000020000000       0x1c load address 0x0000000008002fe0
                0x0000000020000000                . = ALIGN (0x4)
                0x0000000020000000                _sdata = .
 *(.data)
 *(.data*)
 .data.lis3dsh_Sensitivity
                0x0000000020000000        0x4 ./Core/Src/MY_LIS3DSH.o
 .data.__X_Scale
                0x0000000020000004        0x4 ./Core/Src/MY_LIS3DSH.o
 .data.__Y_Scale
                0x0000000020000008        0x4 ./Core/Src/MY_LIS3DSH.o
 .data.__Z_Scale
                0x000000002000000c        0x4 ./Core/Src/MY_LIS3DSH.o
 .data.SystemCoreClock
                0x0000000020000010        0x4 ./Core/Src/system_stm32f4xx.o
                0x0000000020000010                SystemCoreClock
 .data.uwTickPrio
                0x0000000020000014        0x4 ./Drivers/STM32F4xx_HAL_Driver/Src/stm32f4xx_hal.o
                0x0000000020000014                uwTickPrio
 .data.uwTickFreq
                0x0000000020000018        0x1 ./Drivers/STM32F4xx_HAL_Driver/Src/stm32f4xx_hal.o
                0x0000000020000018                uwTickFreq
 *(.RamFunc)
 *(.RamFunc*)
                0x000000002000001c                . = ALIGN (0x4)
 *fill*         0x0000000020000019        0x3 
                0x000000002000001c                _edata = .
                0x0000000008002ffc                _siccmram = LOADADDR (.ccmram)

.igot.plt       0x000000002000001c        0x0 load address 0x0000000008002ffc
 .igot.plt      0x000000002000001c        0x0 /opt/st/stm32cubeide_1.7.0/plugins/com.st.stm32cube.ide.mcu.externaltools.gnu-tools-for-stm32.9-2020-q2-update.linux64_2.0.0.202105311346/tools/bin/../lib/gcc/arm-none-eabi/9.3.1/thumb/v7e-m+fp/hard/crtbegin.o

.ccmram         0x0000000010000000        0x0 load address 0x0000000008002ffc
                0x0000000010000000                . = ALIGN (0x4)
                0x0000000010000000                _sccmram = .
 *(.ccmram)
 *(.ccmram*)
                0x0000000010000000                . = ALIGN (0x4)
                0x0000000010000000                _eccmram = .
                0x0000000010000000                . = ALIGN (0x4)

.bss            0x000000002000001c      0x130
                0x000000002000001c                _sbss = .
                0x000000002000001c                __bss_start__ = _sbss
 *(.bss)
 .bss           0x000000002000001c       0x1c /opt/st/stm32cubeide_1.7.0/plugins/com.st.stm32cube.ide.mcu.externaltools.gnu-tools-for-stm32.9-2020-q2-update.linux64_2.0.0.202105311346/tools/bin/../lib/gcc/arm-none-eabi/9.3.1/thumb/v7e-m+fp/hard/crtbegin.o
 *(.bss*)
 .bss.accSPI_Handle
                0x0000000020000038       0x58 ./Core/Src/MY_LIS3DSH.o
 .bss.__X_Bias  0x0000000020000090        0x4 ./Core/Src/MY_LIS3DSH.o
 .bss.__Y_Bias  0x0000000020000094        0x4 ./Core/Src/MY_LIS3DSH.o
 .bss.__Z_Bias  0x0000000020000098        0x4 ./Core/Src/MY_LIS3DSH.o
 *(COMMON)
 COMMON         0x000000002000009c       0x64 ./Core/Src/main.o
                0x000000002000009c                myData
                0x00000000200000a8                hspi1
 COMMON         0x0000000020000100       0x48 ./Core/Src/stm32f4xx_hal_timebase_tim.o
                0x0000000020000100                htim1
 COMMON         0x0000000020000148        0x4 ./Drivers/STM32F4xx_HAL_Driver/Src/stm32f4xx_hal.o
                0x0000000020000148                uwTick
                0x000000002000014c                . = ALIGN (0x4)
                0x000000002000014c                _ebss = .
                0x000000002000014c                __bss_end__ = _ebss

._user_heap_stack
                0x000000002000014c      0x604
                0x0000000020000150                . = ALIGN (0x8)
 *fill*         0x000000002000014c        0x4 
                [!provide]                        PROVIDE (end = .)
                0x0000000020000150                PROVIDE (_end = .)
                0x0000000020000350                . = (. + _Min_Heap_Size)
 *fill*         0x0000000020000150      0x200 
                0x0000000020000750                . = (. + _Min_Stack_Size)
 *fill*         0x0000000020000350      0x400 
                0x0000000020000750                . = ALIGN (0x8)

/DISCARD/
 libc.a(*)
 libm.a(*)
 libgcc.a(*)

.ARM.attributes
                0x0000000000000000       0x30
 *(.ARM.attributes)
 .ARM.attributes
                0x0000000000000000       0x1e /opt/st/stm32cubeide_1.7.0/plugins/com.st.stm32cube.ide.mcu.externaltools.gnu-tools-for-stm32.9-2020-q2-update.linux64_2.0.0.202105311346/tools/bin/../lib/gcc/arm-none-eabi/9.3.1/thumb/v7e-m+fp/hard/crti.o
 .ARM.attributes
                0x000000000000001e       0x34 /opt/st/stm32cubeide_1.7.0/plugins/com.st.stm32cube.ide.mcu.externaltools.gnu-tools-for-stm32.9-2020-q2-update.linux64_2.0.0.202105311346/tools/bin/../lib/gcc/arm-none-eabi/9.3.1/thumb/v7e-m+fp/hard/crtbegin.o
 .ARM.attributes
                0x0000000000000052       0x34 ./Core/Src/MY_LIS3DSH.o
 .ARM.attributes
                0x0000000000000086       0x34 ./Core/Src/main.o
 .ARM.attributes
                0x00000000000000ba       0x34 ./Core/Src/stm32f4xx_hal_msp.o
 .ARM.attributes
                0x00000000000000ee       0x34 ./Core/Src/stm32f4xx_hal_timebase_tim.o
 .ARM.attributes
                0x0000000000000122       0x34 ./Core/Src/stm32f4xx_it.o
 .ARM.attributes
                0x0000000000000156       0x34 ./Core/Src/system_stm32f4xx.o
 .ARM.attributes
                0x000000000000018a       0x21 ./Core/Startup/startup_stm32f407vgtx.o
 .ARM.attributes
                0x00000000000001ab       0x34 ./Drivers/STM32F4xx_HAL_Driver/Src/stm32f4xx_hal.o
 .ARM.attributes
                0x00000000000001df       0x34 ./Drivers/STM32F4xx_HAL_Driver/Src/stm32f4xx_hal_cortex.o
 .ARM.attributes
                0x0000000000000213       0x34 ./Drivers/STM32F4xx_HAL_Driver/Src/stm32f4xx_hal_gpio.o
 .ARM.attributes
                0x0000000000000247       0x34 ./Drivers/STM32F4xx_HAL_Driver/Src/stm32f4xx_hal_rcc.o
 .ARM.attributes
                0x000000000000027b       0x34 ./Drivers/STM32F4xx_HAL_Driver/Src/stm32f4xx_hal_spi.o
 .ARM.attributes
                0x00000000000002af       0x34 ./Drivers/STM32F4xx_HAL_Driver/Src/stm32f4xx_hal_tim.o
 .ARM.attributes
                0x00000000000002e3       0x34 ./Drivers/STM32F4xx_HAL_Driver/Src/stm32f4xx_hal_tim_ex.o
 .ARM.attributes
                0x0000000000000317       0x34 /opt/st/stm32cubeide_1.7.0/plugins/com.st.stm32cube.ide.mcu.externaltools.gnu-tools-for-stm32.9-2020-q2-update.linux64_2.0.0.202105311346/tools/bin/../lib/gcc/arm-none-eabi/9.3.1/../../../../arm-none-eabi/lib/thumb/v7e-m+fp/hard/libc_nano.a(lib_a-init.o)
 .ARM.attributes
                0x000000000000034b       0x34 /opt/st/stm32cubeide_1.7.0/plugins/com.st.stm32cube.ide.mcu.externaltools.gnu-tools-for-stm32.9-2020-q2-update.linux64_2.0.0.202105311346/tools/bin/../lib/gcc/arm-none-eabi/9.3.1/../../../../arm-none-eabi/lib/thumb/v7e-m+fp/hard/libc_nano.a(lib_a-memcpy-stub.o)
 .ARM.attributes
                0x000000000000037f       0x34 /opt/st/stm32cubeide_1.7.0/plugins/com.st.stm32cube.ide.mcu.externaltools.gnu-tools-for-stm32.9-2020-q2-update.linux64_2.0.0.202105311346/tools/bin/../lib/gcc/arm-none-eabi/9.3.1/../../../../arm-none-eabi/lib/thumb/v7e-m+fp/hard/libc_nano.a(lib_a-memset.o)
 .ARM.attributes
                0x00000000000003b3       0x1e /opt/st/stm32cubeide_1.7.0/plugins/com.st.stm32cube.ide.mcu.externaltools.gnu-tools-for-stm32.9-2020-q2-update.linux64_2.0.0.202105311346/tools/bin/../lib/gcc/arm-none-eabi/9.3.1/thumb/v7e-m+fp/hard/libgcc.a(_aeabi_uldivmod.o)
 .ARM.attributes
                0x00000000000003d1       0x34 /opt/st/stm32cubeide_1.7.0/plugins/com.st.stm32cube.ide.mcu.externaltools.gnu-tools-for-stm32.9-2020-q2-update.linux64_2.0.0.202105311346/tools/bin/../lib/gcc/arm-none-eabi/9.3.1/thumb/v7e-m+fp/hard/libgcc.a(_udivmoddi4.o)
 .ARM.attributes
                0x0000000000000405       0x1e /opt/st/stm32cubeide_1.7.0/plugins/com.st.stm32cube.ide.mcu.externaltools.gnu-tools-for-stm32.9-2020-q2-update.linux64_2.0.0.202105311346/tools/bin/../lib/gcc/arm-none-eabi/9.3.1/thumb/v7e-m+fp/hard/libgcc.a(_dvmd_tls.o)
 .ARM.attributes
                0x0000000000000423       0x1e /opt/st/stm32cubeide_1.7.0/plugins/com.st.stm32cube.ide.mcu.externaltools.gnu-tools-for-stm32.9-2020-q2-update.linux64_2.0.0.202105311346/tools/bin/../lib/gcc/arm-none-eabi/9.3.1/thumb/v7e-m+fp/hard/crtn.o
OUTPUT(gyroscope.elf elf32-littlearm)
LOAD linker stubs
LOAD /opt/st/stm32cubeide_1.7.0/plugins/com.st.stm32cube.ide.mcu.externaltools.gnu-tools-for-stm32.9-2020-q2-update.linux64_2.0.0.202105311346/tools/bin/../lib/gcc/arm-none-eabi/9.3.1/../../../../arm-none-eabi/lib/thumb/v7e-m+fp/hard/libc.a
LOAD /opt/st/stm32cubeide_1.7.0/plugins/com.st.stm32cube.ide.mcu.externaltools.gnu-tools-for-stm32.9-2020-q2-update.linux64_2.0.0.202105311346/tools/bin/../lib/gcc/arm-none-eabi/9.3.1/../../../../arm-none-eabi/lib/thumb/v7e-m+fp/hard/libm.a
LOAD /opt/st/stm32cubeide_1.7.0/plugins/com.st.stm32cube.ide.mcu.externaltools.gnu-tools-for-stm32.9-2020-q2-update.linux64_2.0.0.202105311346/tools/bin/../lib/gcc/arm-none-eabi/9.3.1/thumb/v7e-m+fp/hard/libgcc.a

.debug_info     0x0000000000000000     0xd7f1
 .debug_info    0x0000000000000000     0x1406 ./Core/Src/MY_LIS3DSH.o
 .debug_info    0x0000000000001406     0x1b5d ./Core/Src/main.o
 .debug_info    0x0000000000002f63      0xa50 ./Core/Src/stm32f4xx_hal_msp.o
 .debug_info    0x00000000000039b3      0xc6c ./Core/Src/stm32f4xx_hal_timebase_tim.o
 .debug_info    0x000000000000461f      0x82b ./Core/Src/stm32f4xx_it.o
 .debug_info    0x0000000000004e4a      0x5a4 ./Core/Src/system_stm32f4xx.o
 .debug_info    0x00000000000053ee       0x22 ./Core/Startup/startup_stm32f407vgtx.o
 .debug_info    0x0000000000005410      0x9b2 ./Drivers/STM32F4xx_HAL_Driver/Src/stm32f4xx_hal.o
 .debug_info    0x0000000000005dc2      0xed7 ./Drivers/STM32F4xx_HAL_Driver/Src/stm32f4xx_hal_cortex.o
 .debug_info    0x0000000000006c99      0x83e ./Drivers/STM32F4xx_HAL_Driver/Src/stm32f4xx_hal_gpio.o
 .debug_info    0x00000000000074d7      0x996 ./Drivers/STM32F4xx_HAL_Driver/Src/stm32f4xx_hal_rcc.o
 .debug_info    0x0000000000007e6d     0x17c0 ./Drivers/STM32F4xx_HAL_Driver/Src/stm32f4xx_hal_spi.o
 .debug_info    0x000000000000962d     0x2c22 ./Drivers/STM32F4xx_HAL_Driver/Src/stm32f4xx_hal_tim.o
 .debug_info    0x000000000000c24f     0x15a2 ./Drivers/STM32F4xx_HAL_Driver/Src/stm32f4xx_hal_tim_ex.o

.debug_abbrev   0x0000000000000000     0x1c39
 .debug_abbrev  0x0000000000000000      0x269 ./Core/Src/MY_LIS3DSH.o
 .debug_abbrev  0x0000000000000269      0x2d7 ./Core/Src/main.o
 .debug_abbrev  0x0000000000000540      0x1ac ./Core/Src/stm32f4xx_hal_msp.o
 .debug_abbrev  0x00000000000006ec      0x1bf ./Core/Src/stm32f4xx_hal_timebase_tim.o
 .debug_abbrev  0x00000000000008ab      0x176 ./Core/Src/stm32f4xx_it.o
 .debug_abbrev  0x0000000000000a21      0x145 ./Core/Src/system_stm32f4xx.o
 .debug_abbrev  0x0000000000000b66       0x12 ./Core/Startup/startup_stm32f407vgtx.o
 .debug_abbrev  0x0000000000000b78      0x1ed ./Drivers/STM32F4xx_HAL_Driver/Src/stm32f4xx_hal.o
 .debug_abbrev  0x0000000000000d65      0x33c ./Drivers/STM32F4xx_HAL_Driver/Src/stm32f4xx_hal_cortex.o
 .debug_abbrev  0x00000000000010a1      0x1f1 ./Drivers/STM32F4xx_HAL_Driver/Src/stm32f4xx_hal_gpio.o
 .debug_abbrev  0x0000000000001292      0x275 ./Drivers/STM32F4xx_HAL_Driver/Src/stm32f4xx_hal_rcc.o
 .debug_abbrev  0x0000000000001507      0x26e ./Drivers/STM32F4xx_HAL_Driver/Src/stm32f4xx_hal_spi.o
 .debug_abbrev  0x0000000000001775      0x25e ./Drivers/STM32F4xx_HAL_Driver/Src/stm32f4xx_hal_tim.o
 .debug_abbrev  0x00000000000019d3      0x266 ./Drivers/STM32F4xx_HAL_Driver/Src/stm32f4xx_hal_tim_ex.o

.debug_aranges  0x0000000000000000      0xbb8
 .debug_aranges
                0x0000000000000000       0x60 ./Core/Src/MY_LIS3DSH.o
 .debug_aranges
                0x0000000000000060       0x48 ./Core/Src/main.o
 .debug_aranges
                0x00000000000000a8       0x30 ./Core/Src/stm32f4xx_hal_msp.o
 .debug_aranges
                0x00000000000000d8       0x30 ./Core/Src/stm32f4xx_hal_timebase_tim.o
 .debug_aranges
                0x0000000000000108       0x70 ./Core/Src/stm32f4xx_it.o
 .debug_aranges
                0x0000000000000178       0x28 ./Core/Src/system_stm32f4xx.o
 .debug_aranges
                0x00000000000001a0       0x28 ./Core/Startup/startup_stm32f407vgtx.o
 .debug_aranges
                0x00000000000001c8       0xf0 ./Drivers/STM32F4xx_HAL_Driver/Src/stm32f4xx_hal.o
 .debug_aranges
                0x00000000000002b8      0x118 ./Drivers/STM32F4xx_HAL_Driver/Src/stm32f4xx_hal_cortex.o
 .debug_aranges
                0x00000000000003d0       0x58 ./Drivers/STM32F4xx_HAL_Driver/Src/stm32f4xx_hal_gpio.o
 .debug_aranges
                0x0000000000000428       0x88 ./Drivers/STM32F4xx_HAL_Driver/Src/stm32f4xx_hal_rcc.o
 .debug_aranges
                0x00000000000004b0      0x1d0 ./Drivers/STM32F4xx_HAL_Driver/Src/stm32f4xx_hal_spi.o
 .debug_aranges
                0x0000000000000680      0x3d0 ./Drivers/STM32F4xx_HAL_Driver/Src/stm32f4xx_hal_tim.o
 .debug_aranges
                0x0000000000000a50      0x168 ./Drivers/STM32F4xx_HAL_Driver/Src/stm32f4xx_hal_tim_ex.o

.debug_ranges   0x0000000000000000      0xae0
 .debug_ranges  0x0000000000000000       0x50 ./Core/Src/MY_LIS3DSH.o
 .debug_ranges  0x0000000000000050       0x38 ./Core/Src/main.o
 .debug_ranges  0x0000000000000088       0x20 ./Core/Src/stm32f4xx_hal_msp.o
 .debug_ranges  0x00000000000000a8       0x20 ./Core/Src/stm32f4xx_hal_timebase_tim.o
 .debug_ranges  0x00000000000000c8       0x60 ./Core/Src/stm32f4xx_it.o
 .debug_ranges  0x0000000000000128       0x18 ./Core/Src/system_stm32f4xx.o
 .debug_ranges  0x0000000000000140       0x20 ./Core/Startup/startup_stm32f407vgtx.o
 .debug_ranges  0x0000000000000160       0xe0 ./Drivers/STM32F4xx_HAL_Driver/Src/stm32f4xx_hal.o
 .debug_ranges  0x0000000000000240      0x108 ./Drivers/STM32F4xx_HAL_Driver/Src/stm32f4xx_hal_cortex.o
 .debug_ranges  0x0000000000000348       0x48 ./Drivers/STM32F4xx_HAL_Driver/Src/stm32f4xx_hal_gpio.o
 .debug_ranges  0x0000000000000390       0x78 ./Drivers/STM32F4xx_HAL_Driver/Src/stm32f4xx_hal_rcc.o
 .debug_ranges  0x0000000000000408      0x1c0 ./Drivers/STM32F4xx_HAL_Driver/Src/stm32f4xx_hal_spi.o
 .debug_ranges  0x00000000000005c8      0x3c0 ./Drivers/STM32F4xx_HAL_Driver/Src/stm32f4xx_hal_tim.o
 .debug_ranges  0x0000000000000988      0x158 ./Drivers/STM32F4xx_HAL_Driver/Src/stm32f4xx_hal_tim_ex.o

.debug_macro    0x0000000000000000    0x20cbb
 .debug_macro   0x0000000000000000      0x2ba ./Core/Src/MY_LIS3DSH.o
 .debug_macro   0x00000000000002ba      0xaa8 ./Core/Src/MY_LIS3DSH.o
 .debug_macro   0x0000000000000d62      0x29b ./Core/Src/MY_LIS3DSH.o
 .debug_macro   0x0000000000000ffd       0x2e ./Core/Src/MY_LIS3DSH.o
 .debug_macro   0x000000000000102b       0x2f ./Core/Src/MY_LIS3DSH.o
 .debug_macro   0x000000000000105a       0x22 ./Core/Src/MY_LIS3DSH.o
 .debug_macro   0x000000000000107c       0x8e ./Core/Src/MY_LIS3DSH.o
 .debug_macro   0x000000000000110a       0x51 ./Core/Src/MY_LIS3DSH.o
 .debug_macro   0x000000000000115b      0x103 ./Core/Src/MY_LIS3DSH.o
 .debug_macro   0x000000000000125e       0x6a ./Core/Src/MY_LIS3DSH.o
 .debug_macro   0x00000000000012c8      0x1df ./Core/Src/MY_LIS3DSH.o
 .debug_macro   0x00000000000014a7       0x1c ./Core/Src/MY_LIS3DSH.o
 .debug_macro   0x00000000000014c3       0x22 ./Core/Src/MY_LIS3DSH.o
 .debug_macro   0x00000000000014e5       0xdf ./Core/Src/MY_LIS3DSH.o
 .debug_macro   0x00000000000015c4     0x102d ./Core/Src/MY_LIS3DSH.o
 .debug_macro   0x00000000000025f1      0x11f ./Core/Src/MY_LIS3DSH.o
 .debug_macro   0x0000000000002710    0x15e58 ./Core/Src/MY_LIS3DSH.o
 .debug_macro   0x0000000000018568       0x6d ./Core/Src/MY_LIS3DSH.o
 .debug_macro   0x00000000000185d5     0x3666 ./Core/Src/MY_LIS3DSH.o
 .debug_macro   0x000000000001bc3b      0x174 ./Core/Src/MY_LIS3DSH.o
 .debug_macro   0x000000000001bdaf       0x5c ./Core/Src/MY_LIS3DSH.o
 .debug_macro   0x000000000001be0b      0x96b ./Core/Src/MY_LIS3DSH.o
 .debug_macro   0x000000000001c776      0x9fe ./Core/Src/MY_LIS3DSH.o
 .debug_macro   0x000000000001d174      0x116 ./Core/Src/MY_LIS3DSH.o
 .debug_macro   0x000000000001d28a      0x13e ./Core/Src/MY_LIS3DSH.o
 .debug_macro   0x000000000001d3c8       0xa5 ./Core/Src/MY_LIS3DSH.o
 .debug_macro   0x000000000001d46d      0x174 ./Core/Src/MY_LIS3DSH.o
 .debug_macro   0x000000000001d5e1      0x287 ./Core/Src/MY_LIS3DSH.o
 .debug_macro   0x000000000001d868       0x5f ./Core/Src/MY_LIS3DSH.o
 .debug_macro   0x000000000001d8c7      0x236 ./Core/Src/MY_LIS3DSH.o
 .debug_macro   0x000000000001dafd      0x12c ./Core/Src/MY_LIS3DSH.o
 .debug_macro   0x000000000001dc29      0x21e ./Core/Src/MY_LIS3DSH.o
 .debug_macro   0x000000000001de47       0x2e ./Core/Src/MY_LIS3DSH.o
 .debug_macro   0x000000000001de75      0x11a ./Core/Src/MY_LIS3DSH.o
 .debug_macro   0x000000000001df8f       0x7e ./Core/Src/MY_LIS3DSH.o
 .debug_macro   0x000000000001e00d       0x89 ./Core/Src/MY_LIS3DSH.o
 .debug_macro   0x000000000001e096      0x225 ./Core/Src/MY_LIS3DSH.o
 .debug_macro   0x000000000001e2bb      0x8d1 ./Core/Src/MY_LIS3DSH.o
 .debug_macro   0x000000000001eb8c       0x47 ./Core/Src/MY_LIS3DSH.o
 .debug_macro   0x000000000001ebd3      0x12d ./Core/Src/MY_LIS3DSH.o
 .debug_macro   0x000000000001ed00       0x22 ./Core/Src/MY_LIS3DSH.o
 .debug_macro   0x000000000001ed22       0x52 ./Core/Src/MY_LIS3DSH.o
 .debug_macro   0x000000000001ed74       0x18 ./Core/Src/MY_LIS3DSH.o
 .debug_macro   0x000000000001ed8c       0x3c ./Core/Src/MY_LIS3DSH.o
 .debug_macro   0x000000000001edc8       0x34 ./Core/Src/MY_LIS3DSH.o
 .debug_macro   0x000000000001edfc       0x16 ./Core/Src/MY_LIS3DSH.o
 .debug_macro   0x000000000001ee12       0x43 ./Core/Src/MY_LIS3DSH.o
 .debug_macro   0x000000000001ee55       0x34 ./Core/Src/MY_LIS3DSH.o
 .debug_macro   0x000000000001ee89       0x10 ./Core/Src/MY_LIS3DSH.o
 .debug_macro   0x000000000001ee99       0x58 ./Core/Src/MY_LIS3DSH.o
 .debug_macro   0x000000000001eef1       0x71 ./Core/Src/MY_LIS3DSH.o
 .debug_macro   0x000000000001ef62       0x1c ./Core/Src/MY_LIS3DSH.o
 .debug_macro   0x000000000001ef7e      0x12a ./Core/Src/MY_LIS3DSH.o
 .debug_macro   0x000000000001f0a8      0x333 ./Core/Src/MY_LIS3DSH.o
 .debug_macro   0x000000000001f3db       0x10 ./Core/Src/MY_LIS3DSH.o
 .debug_macro   0x000000000001f3eb       0x35 ./Core/Src/MY_LIS3DSH.o
 .debug_macro   0x000000000001f420       0x20 ./Core/Src/MY_LIS3DSH.o
 .debug_macro   0x000000000001f440      0x112 ./Core/Src/MY_LIS3DSH.o
 .debug_macro   0x000000000001f552      0x2bd ./Core/Src/main.o
 .debug_macro   0x000000000001f80f       0x10 ./Core/Src/main.o
 .debug_macro   0x000000000001f81f      0x1dd ./Core/Src/stm32f4xx_hal_msp.o
 .debug_macro   0x000000000001f9fc      0x1ce ./Core/Src/stm32f4xx_hal_timebase_tim.o
 .debug_macro   0x000000000001fbca      0x1e7 ./Core/Src/stm32f4xx_it.o
 .debug_macro   0x000000000001fdb1      0x1ce ./Core/Src/system_stm32f4xx.o
 .debug_macro   0x000000000001ff7f      0x22e ./Drivers/STM32F4xx_HAL_Driver/Src/stm32f4xx_hal.o
 .debug_macro   0x00000000000201ad      0x1ce ./Drivers/STM32F4xx_HAL_Driver/Src/stm32f4xx_hal_cortex.o
 .debug_macro   0x000000000002037b      0x1d4 ./Drivers/STM32F4xx_HAL_Driver/Src/stm32f4xx_hal_gpio.o
 .debug_macro   0x000000000002054f      0x1f2 ./Drivers/STM32F4xx_HAL_Driver/Src/stm32f4xx_hal_rcc.o
 .debug_macro   0x0000000000020741      0x1dd ./Drivers/STM32F4xx_HAL_Driver/Src/stm32f4xx_hal_spi.o
 .debug_macro   0x000000000002091e      0x1cf ./Drivers/STM32F4xx_HAL_Driver/Src/stm32f4xx_hal_tim.o
 .debug_macro   0x0000000000020aed      0x1ce ./Drivers/STM32F4xx_HAL_Driver/Src/stm32f4xx_hal_tim_ex.o

.debug_line     0x0000000000000000     0xcabe
 .debug_line    0x0000000000000000      0xa41 ./Core/Src/MY_LIS3DSH.o
 .debug_line    0x0000000000000a41      0x979 ./Core/Src/main.o
 .debug_line    0x00000000000013ba      0x6f0 ./Core/Src/stm32f4xx_hal_msp.o
 .debug_line    0x0000000000001aaa      0x701 ./Core/Src/stm32f4xx_hal_timebase_tim.o
 .debug_line    0x00000000000021ab      0x78f ./Core/Src/stm32f4xx_it.o
 .debug_line    0x000000000000293a      0x723 ./Core/Src/system_stm32f4xx.o
 .debug_line    0x000000000000305d       0x88 ./Core/Startup/startup_stm32f407vgtx.o
 .debug_line    0x00000000000030e5      0x989 ./Drivers/STM32F4xx_HAL_Driver/Src/stm32f4xx_hal.o
 .debug_line    0x0000000000003a6e      0xc38 ./Drivers/STM32F4xx_HAL_Driver/Src/stm32f4xx_hal_cortex.o
 .debug_line    0x00000000000046a6      0xaff ./Drivers/STM32F4xx_HAL_Driver/Src/stm32f4xx_hal_gpio.o
 .debug_line    0x00000000000051a5      0xd05 ./Drivers/STM32F4xx_HAL_Driver/Src/stm32f4xx_hal_rcc.o
 .debug_line    0x0000000000005eaa     0x1c11 ./Drivers/STM32F4xx_HAL_Driver/Src/stm32f4xx_hal_spi.o
 .debug_line    0x0000000000007abb     0x367d ./Drivers/STM32F4xx_HAL_Driver/Src/stm32f4xx_hal_tim.o
 .debug_line    0x000000000000b138     0x1986 ./Drivers/STM32F4xx_HAL_Driver/Src/stm32f4xx_hal_tim_ex.o

.debug_str      0x0000000000000000    0xc9c04
 .debug_str     0x0000000000000000    0xc6944 ./Core/Src/MY_LIS3DSH.o
                                      0xc6cb5 (size before relaxing)
 .debug_str     0x00000000000c6944      0xa7f ./Core/Src/main.o
                                      0xc755b (size before relaxing)
 .debug_str     0x00000000000c73c3       0x53 ./Core/Src/stm32f4xx_hal_msp.o
                                      0xc338b (size before relaxing)
 .debug_str     0x00000000000c7416       0xaa ./Core/Src/stm32f4xx_hal_timebase_tim.o
                                      0xc3990 (size before relaxing)
 .debug_str     0x00000000000c74c0       0xe7 ./Core/Src/stm32f4xx_it.o
                                      0xc33b3 (size before relaxing)
 .debug_str     0x00000000000c75a7       0xaf ./Core/Src/system_stm32f4xx.o
                                      0xc2f03 (size before relaxing)
 .debug_str     0x00000000000c7656       0x36 ./Core/Startup/startup_stm32f407vgtx.o
                                         0x6e (size before relaxing)
 .debug_str     0x00000000000c768c      0x538 ./Drivers/STM32F4xx_HAL_Driver/Src/stm32f4xx_hal.o
                                      0xc39e5 (size before relaxing)
 .debug_str     0x00000000000c7bc4      0x399 ./Drivers/STM32F4xx_HAL_Driver/Src/stm32f4xx_hal_cortex.o
                                      0xc37d4 (size before relaxing)
 .debug_str     0x00000000000c7f5d      0x15f ./Drivers/STM32F4xx_HAL_Driver/Src/stm32f4xx_hal_gpio.o
                                      0xc30aa (size before relaxing)
 .debug_str     0x00000000000c80bc      0x24f ./Drivers/STM32F4xx_HAL_Driver/Src/stm32f4xx_hal_rcc.o
                                      0xc3305 (size before relaxing)
 .debug_str     0x00000000000c830b      0x57a ./Drivers/STM32F4xx_HAL_Driver/Src/stm32f4xx_hal_spi.o
                                      0xc37a7 (size before relaxing)
 .debug_str     0x00000000000c8885      0xe47 ./Drivers/STM32F4xx_HAL_Driver/Src/stm32f4xx_hal_tim.o
                                      0xc4232 (size before relaxing)
 .debug_str     0x00000000000c96cc      0x538 ./Drivers/STM32F4xx_HAL_Driver/Src/stm32f4xx_hal_tim_ex.o
                                      0xc39e3 (size before relaxing)

.comment        0x0000000000000000       0x53
 .comment       0x0000000000000000       0x53 ./Core/Src/MY_LIS3DSH.o
                                         0x54 (size before relaxing)
 .comment       0x0000000000000053       0x54 ./Core/Src/main.o
 .comment       0x0000000000000053       0x54 ./Core/Src/stm32f4xx_hal_msp.o
 .comment       0x0000000000000053       0x54 ./Core/Src/stm32f4xx_hal_timebase_tim.o
 .comment       0x0000000000000053       0x54 ./Core/Src/stm32f4xx_it.o
 .comment       0x0000000000000053       0x54 ./Core/Src/system_stm32f4xx.o
 .comment       0x0000000000000053       0x54 ./Drivers/STM32F4xx_HAL_Driver/Src/stm32f4xx_hal.o
 .comment       0x0000000000000053       0x54 ./Drivers/STM32F4xx_HAL_Driver/Src/stm32f4xx_hal_cortex.o
 .comment       0x0000000000000053       0x54 ./Drivers/STM32F4xx_HAL_Driver/Src/stm32f4xx_hal_gpio.o
 .comment       0x0000000000000053       0x54 ./Drivers/STM32F4xx_HAL_Driver/Src/stm32f4xx_hal_rcc.o
 .comment       0x0000000000000053       0x54 ./Drivers/STM32F4xx_HAL_Driver/Src/stm32f4xx_hal_spi.o
 .comment       0x0000000000000053       0x54 ./Drivers/STM32F4xx_HAL_Driver/Src/stm32f4xx_hal_tim.o
 .comment       0x0000000000000053       0x54 ./Drivers/STM32F4xx_HAL_Driver/Src/stm32f4xx_hal_tim_ex.o

.debug_frame    0x0000000000000000     0x30f4
 .debug_frame   0x0000000000000000      0x160 ./Core/Src/MY_LIS3DSH.o
 .debug_frame   0x0000000000000160       0xd0 ./Core/Src/main.o
 .debug_frame   0x0000000000000230       0x7c ./Core/Src/stm32f4xx_hal_msp.o
 .debug_frame   0x00000000000002ac       0x74 ./Core/Src/stm32f4xx_hal_timebase_tim.o
 .debug_frame   0x0000000000000320      0x140 ./Core/Src/stm32f4xx_it.o
 .debug_frame   0x0000000000000460       0x58 ./Core/Src/system_stm32f4xx.o
 .debug_frame   0x00000000000004b8      0x374 ./Drivers/STM32F4xx_HAL_Driver/Src/stm32f4xx_hal.o
 .debug_frame   0x000000000000082c      0x498 ./Drivers/STM32F4xx_HAL_Driver/Src/stm32f4xx_hal_cortex.o
 .debug_frame   0x0000000000000cc4      0x14c ./Drivers/STM32F4xx_HAL_Driver/Src/stm32f4xx_hal_gpio.o
 .debug_frame   0x0000000000000e10      0x1f0 ./Drivers/STM32F4xx_HAL_Driver/Src/stm32f4xx_hal_rcc.o
 .debug_frame   0x0000000000001000      0x824 ./Drivers/STM32F4xx_HAL_Driver/Src/stm32f4xx_hal_spi.o
 .debug_frame   0x0000000000001824     0x11c4 ./Drivers/STM32F4xx_HAL_Driver/Src/stm32f4xx_hal_tim.o
 .debug_frame   0x00000000000029e8      0x638 ./Drivers/STM32F4xx_HAL_Driver/Src/stm32f4xx_hal_tim_ex.o
 .debug_frame   0x0000000000003020       0x2c /opt/st/stm32cubeide_1.7.0/plugins/com.st.stm32cube.ide.mcu.externaltools.gnu-tools-for-stm32.9-2020-q2-update.linux64_2.0.0.202105311346/tools/bin/../lib/gcc/arm-none-eabi/9.3.1/../../../../arm-none-eabi/lib/thumb/v7e-m+fp/hard/libc_nano.a(lib_a-init.o)
 .debug_frame   0x000000000000304c       0x28 /opt/st/stm32cubeide_1.7.0/plugins/com.st.stm32cube.ide.mcu.externaltools.gnu-tools-for-stm32.9-2020-q2-update.linux64_2.0.0.202105311346/tools/bin/../lib/gcc/arm-none-eabi/9.3.1/../../../../arm-none-eabi/lib/thumb/v7e-m+fp/hard/libc_nano.a(lib_a-memcpy-stub.o)
 .debug_frame   0x0000000000003074       0x20 /opt/st/stm32cubeide_1.7.0/plugins/com.st.stm32cube.ide.mcu.externaltools.gnu-tools-for-stm32.9-2020-q2-update.linux64_2.0.0.202105311346/tools/bin/../lib/gcc/arm-none-eabi/9.3.1/../../../../arm-none-eabi/lib/thumb/v7e-m+fp/hard/libc_nano.a(lib_a-memset.o)
 .debug_frame   0x0000000000003094       0x2c /opt/st/stm32cubeide_1.7.0/plugins/com.st.stm32cube.ide.mcu.externaltools.gnu-tools-for-stm32.9-2020-q2-update.linux64_2.0.0.202105311346/tools/bin/../lib/gcc/arm-none-eabi/9.3.1/thumb/v7e-m+fp/hard/libgcc.a(_aeabi_uldivmod.o)
 .debug_frame   0x00000000000030c0       0x34 /opt/st/stm32cubeide_1.7.0/plugins/com.st.stm32cube.ide.mcu.externaltools.gnu-tools-for-stm32.9-2020-q2-update.linux64_2.0.0.202105311346/tools/bin/../lib/gcc/arm-none-eabi/9.3.1/thumb/v7e-m+fp/hard/libgcc.a(_udivmoddi4.o)
